Archive member included to satisfy reference by file (symbol)

C:/ST/STM32CubeIDE_1.13.2/STM32CubeIDE/plugins/com.st.stm32cube.ide.mcu.externaltools.gnu-tools-for-stm32.11.3.rel1.win32_1.1.1.202309131626/tools/bin/../lib/gcc/arm-none-eabi/11.3.1/../../../../arm-none-eabi/lib/thumb/v7e-m+fp/hard\libc_nano.a(libc_a-exit.o)
                              C:/ST/STM32CubeIDE_1.13.2/STM32CubeIDE/plugins/com.st.stm32cube.ide.mcu.externaltools.gnu-tools-for-stm32.11.3.rel1.win32_1.1.1.202309131626/tools/bin/../lib/gcc/arm-none-eabi/11.3.1/../../../../arm-none-eabi/lib/thumb/v7e-m+fp/hard/crt0.o (exit)
C:/ST/STM32CubeIDE_1.13.2/STM32CubeIDE/plugins/com.st.stm32cube.ide.mcu.externaltools.gnu-tools-for-stm32.11.3.rel1.win32_1.1.1.202309131626/tools/bin/../lib/gcc/arm-none-eabi/11.3.1/../../../../arm-none-eabi/lib/thumb/v7e-m+fp/hard\libc_nano.a(libc_a-findfp.o)
                              C:/ST/STM32CubeIDE_1.13.2/STM32CubeIDE/plugins/com.st.stm32cube.ide.mcu.externaltools.gnu-tools-for-stm32.11.3.rel1.win32_1.1.1.202309131626/tools/bin/../lib/gcc/arm-none-eabi/11.3.1/../../../../arm-none-eabi/lib/thumb/v7e-m+fp/hard\libc_nano.a(libc_a-exit.o) (__stdio_exit_handler)
C:/ST/STM32CubeIDE_1.13.2/STM32CubeIDE/plugins/com.st.stm32cube.ide.mcu.externaltools.gnu-tools-for-stm32.11.3.rel1.win32_1.1.1.202309131626/tools/bin/../lib/gcc/arm-none-eabi/11.3.1/../../../../arm-none-eabi/lib/thumb/v7e-m+fp/hard\libc_nano.a(libc_a-fwalk.o)
                              C:/ST/STM32CubeIDE_1.13.2/STM32CubeIDE/plugins/com.st.stm32cube.ide.mcu.externaltools.gnu-tools-for-stm32.11.3.rel1.win32_1.1.1.202309131626/tools/bin/../lib/gcc/arm-none-eabi/11.3.1/../../../../arm-none-eabi/lib/thumb/v7e-m+fp/hard\libc_nano.a(libc_a-findfp.o) (_fwalk_sglue)
C:/ST/STM32CubeIDE_1.13.2/STM32CubeIDE/plugins/com.st.stm32cube.ide.mcu.externaltools.gnu-tools-for-stm32.11.3.rel1.win32_1.1.1.202309131626/tools/bin/../lib/gcc/arm-none-eabi/11.3.1/../../../../arm-none-eabi/lib/thumb/v7e-m+fp/hard\libc_nano.a(libc_a-stdio.o)
                              C:/ST/STM32CubeIDE_1.13.2/STM32CubeIDE/plugins/com.st.stm32cube.ide.mcu.externaltools.gnu-tools-for-stm32.11.3.rel1.win32_1.1.1.202309131626/tools/bin/../lib/gcc/arm-none-eabi/11.3.1/../../../../arm-none-eabi/lib/thumb/v7e-m+fp/hard\libc_nano.a(libc_a-findfp.o) (__sread)
C:/ST/STM32CubeIDE_1.13.2/STM32CubeIDE/plugins/com.st.stm32cube.ide.mcu.externaltools.gnu-tools-for-stm32.11.3.rel1.win32_1.1.1.202309131626/tools/bin/../lib/gcc/arm-none-eabi/11.3.1/../../../../arm-none-eabi/lib/thumb/v7e-m+fp/hard\libc_nano.a(libc_a-memset.o)
                              C:/ST/STM32CubeIDE_1.13.2/STM32CubeIDE/plugins/com.st.stm32cube.ide.mcu.externaltools.gnu-tools-for-stm32.11.3.rel1.win32_1.1.1.202309131626/tools/bin/../lib/gcc/arm-none-eabi/11.3.1/../../../../arm-none-eabi/lib/thumb/v7e-m+fp/hard/crt0.o (memset)
C:/ST/STM32CubeIDE_1.13.2/STM32CubeIDE/plugins/com.st.stm32cube.ide.mcu.externaltools.gnu-tools-for-stm32.11.3.rel1.win32_1.1.1.202309131626/tools/bin/../lib/gcc/arm-none-eabi/11.3.1/../../../../arm-none-eabi/lib/thumb/v7e-m+fp/hard\libc_nano.a(libc_a-closer.o)
                              C:/ST/STM32CubeIDE_1.13.2/STM32CubeIDE/plugins/com.st.stm32cube.ide.mcu.externaltools.gnu-tools-for-stm32.11.3.rel1.win32_1.1.1.202309131626/tools/bin/../lib/gcc/arm-none-eabi/11.3.1/../../../../arm-none-eabi/lib/thumb/v7e-m+fp/hard\libc_nano.a(libc_a-stdio.o) (_close_r)
C:/ST/STM32CubeIDE_1.13.2/STM32CubeIDE/plugins/com.st.stm32cube.ide.mcu.externaltools.gnu-tools-for-stm32.11.3.rel1.win32_1.1.1.202309131626/tools/bin/../lib/gcc/arm-none-eabi/11.3.1/../../../../arm-none-eabi/lib/thumb/v7e-m+fp/hard\libc_nano.a(libc_a-reent.o)
                              C:/ST/STM32CubeIDE_1.13.2/STM32CubeIDE/plugins/com.st.stm32cube.ide.mcu.externaltools.gnu-tools-for-stm32.11.3.rel1.win32_1.1.1.202309131626/tools/bin/../lib/gcc/arm-none-eabi/11.3.1/../../../../arm-none-eabi/lib/thumb/v7e-m+fp/hard\libc_nano.a(libc_a-closer.o) (errno)
C:/ST/STM32CubeIDE_1.13.2/STM32CubeIDE/plugins/com.st.stm32cube.ide.mcu.externaltools.gnu-tools-for-stm32.11.3.rel1.win32_1.1.1.202309131626/tools/bin/../lib/gcc/arm-none-eabi/11.3.1/../../../../arm-none-eabi/lib/thumb/v7e-m+fp/hard\libc_nano.a(libc_a-impure.o)
                              C:/ST/STM32CubeIDE_1.13.2/STM32CubeIDE/plugins/com.st.stm32cube.ide.mcu.externaltools.gnu-tools-for-stm32.11.3.rel1.win32_1.1.1.202309131626/tools/bin/../lib/gcc/arm-none-eabi/11.3.1/../../../../arm-none-eabi/lib/thumb/v7e-m+fp/hard\libc_nano.a(libc_a-reent.o) (_impure_ptr)
C:/ST/STM32CubeIDE_1.13.2/STM32CubeIDE/plugins/com.st.stm32cube.ide.mcu.externaltools.gnu-tools-for-stm32.11.3.rel1.win32_1.1.1.202309131626/tools/bin/../lib/gcc/arm-none-eabi/11.3.1/../../../../arm-none-eabi/lib/thumb/v7e-m+fp/hard\libc_nano.a(libc_a-lseekr.o)
[...]
Memory Configuration

Name             Origin             Length             Attributes
CCMRAM           0x0000000010000000 0x0000000000010000 xrw
RAM              0x0000000020000000 0x0000000000030000 xrw
FLASH            0x0000000008000000 0x0000000000200000 xr
*default*        0x0000000000000000 0xffffffffffffffff

Linker script and memory map

LOAD C:/ST/STM32CubeIDE_1.13.2/STM32CubeIDE/plugins/com.st.stm32cube.ide.mcu.externaltools.gnu-tools-for-stm32.11.3.rel1.win32_1.1.1.202309131626/tools/bin/../lib/gcc/arm-none-eabi/11.3.1/thumb/v7e-m+fp/hard/crti.o
LOAD C:/ST/STM32CubeIDE_1.13.2/STM32CubeIDE/plugins/com.st.stm32cube.ide.mcu.externaltools.gnu-tools-for-stm32.11.3.rel1.win32_1.1.1.202309131626/tools/bin/../lib/gcc/arm-none-eabi/11.3.1/thumb/v7e-m+fp/hard/crtbegin.o
LOAD C:/ST/STM32CubeIDE_1.13.2/STM32CubeIDE/plugins/com.st.stm32cube.ide.mcu.externaltools.gnu-tools-for-stm32.11.3.rel1.win32_1.1.1.202309131626/tools/bin/../lib/gcc/arm-none-eabi/11.3.1/../../../../arm-none-eabi/lib/thumb/v7e-m+fp/hard/crt0.o
LOAD ./Core/Src/eth.o
LOAD ./Core/Src/gpio.o
LOAD ./Core/Src/main.o
LOAD ./Core/Src/stm32f4xx_hal_msp.o
LOAD ./Core/Src/stm32f4xx_it.o
LOAD ./Core/Src/syscalls.o
LOAD ./Core/Src/sysmem.o
LOAD ./Core/Src/system_stm32f4xx.o
LOAD ./Core/Src/usart.o
LOAD ./Core/Src/usb_otg.o
LOAD ./Core/Startup/startup_stm32f429zitx.o
LOAD ./Drivers/STM32F4xx_HAL_Driver/Src/stm32f4xx_hal.o
LOAD ./Drivers/STM32F4xx_HAL_Driver/Src/stm32f4xx_hal_cortex.o
LOAD ./Drivers/STM32F4xx_HAL_Driver/Src/stm32f4xx_hal_dma.o
LOAD ./Drivers/STM32F4xx_HAL_Driver/Src/stm32f4xx_hal_dma_ex.o
LOAD ./Drivers/STM32F4xx_HAL_Driver/Src/stm32f4xx_hal_eth.o
LOAD ./Drivers/STM32F4xx_HAL_Driver/Src/stm32f4xx_hal_exti.o
LOAD ./Drivers/STM32F4xx_HAL_Driver/Src/stm32f4xx_hal_flash.o
LOAD ./Drivers/STM32F4xx_HAL_Driver/Src/stm32f4xx_hal_flash_ex.o
LOAD ./Drivers/STM32F4xx_HAL_Driver/Src/stm32f4xx_hal_flash_ramfunc.o
LOAD ./Drivers/STM32F4xx_HAL_Driver/Src/stm32f4xx_hal_gpio.o
LOAD ./Drivers/STM32F4xx_HAL_Driver/Src/stm32f4xx_hal_pcd.o
LOAD ./Drivers/STM32F4xx_HAL_Driver/Src/stm32f4xx_hal_pcd_ex.o
LOAD ./Drivers/STM32F4xx_HAL_Driver/Src/stm32f4xx_hal_pwr.o
LOAD ./Drivers/STM32F4xx_HAL_Driver/Src/stm32f4xx_hal_pwr_ex.o
LOAD ./Drivers/STM32F4xx_HAL_Driver/Src/stm32f4xx_hal_rcc.o
LOAD ./Drivers/STM32F4xx_HAL_Driver/Src/stm32f4xx_hal_rcc_ex.o
LOAD ./Drivers/STM32F4xx_HAL_Driver/Src/stm32f4xx_hal_tim.o
LOAD ./Drivers/STM32F4xx_HAL_Driver/Src/stm32f4xx_hal_tim_ex.o
LOAD ./Drivers/STM32F4xx_HAL_Driver/Src/stm32f4xx_hal_uart.o
LOAD ./Drivers/STM32F4xx_HAL_Driver/Src/stm32f4xx_ll_usb.o
START GROUP
LOAD C:/ST/STM32CubeIDE_1.13.2/STM32CubeIDE/plugins/com.st.stm32cube.ide.mcu.externaltools.gnu-tools-for-stm32.11.3.rel1.win32_1.1.1.202309131626/tools/bin/../lib/gcc/arm-none-eabi/11.3.1/../../../../arm-none-eabi/lib/thumb/v7e-m+fp/hard\libc_nano.a
LOAD C:/ST/STM32CubeIDE_1.13.2/STM32CubeIDE/plugins/com.st.stm32cube.ide.mcu.externaltools.gnu-tools-for-stm32.11.3.rel1.win32_1.1.1.202309131626/tools/bin/../lib/gcc/arm-none-eabi/11.3.1/../../../../arm-none-eabi/lib/thumb/v7e-m+fp/hard\libm.a
END GROUP
START GROUP
LOAD C:/ST/STM32CubeIDE_1.13.2/STM32CubeIDE/plugins/com.st.stm32cube.ide.mcu.externaltools.gnu-tools-for-stm32.11.3.rel1.win32_1.1.1.202309131626/tools/bin/../lib/gcc/arm-none-eabi/11.3.1/thumb/v7e-m+fp/hard\libgcc.a
LOAD C:/ST/STM32CubeIDE_1.13.2/STM32CubeIDE/plugins/com.st.stm32cube.ide.mcu.externaltools.gnu-tools-for-stm32.11.3.rel1.win32_1.1.1.202309131626/tools/bin/../lib/gcc/arm-none-eabi/11.3.1/../../../../arm-none-eabi/lib/thumb/v7e-m+fp/hard\libc_nano.a
END GROUP
START GROUP
LOAD C:/ST/STM32CubeIDE_1.13.2/STM32CubeIDE/plugins/com.st.stm32cube.ide.mcu.externaltools.gnu-tools-for-stm32.11.3.rel1.win32_1.1.1.202309131626/tools/bin/../lib/gcc/arm-none-eabi/11.3.1/thumb/v7e-m+fp/hard\libgcc.a
LOAD C:/ST/STM32CubeIDE_1.13.2/STM32CubeIDE/plugins/com.st.stm32cube.ide.mcu.externaltools.gnu-tools-for-stm32.11.3.rel1.win32_1.1.1.202309131626/tools/bin/../lib/gcc/arm-none-eabi/11.3.1/../../../../arm-none-eabi/lib/thumb/v7e-m+fp/hard\libc_nano.a
LOAD C:/ST/STM32CubeIDE_1.13.2/STM32CubeIDE/plugins/com.st.stm32cube.ide.mcu.externaltools.gnu-tools-for-stm32.11.3.rel1.win32_1.1.1.202309131626/tools/bin/../lib/gcc/arm-none-eabi/11.3.1/../../../../arm-none-eabi/lib/thumb/v7e-m+fp/hard\libnosys.a
END GROUP
START GROUP
LOAD C:/ST/STM32CubeIDE_1.13.2/STM32CubeIDE/plugins/com.st.stm32cube.ide.mcu.externaltools.gnu-tools-for-stm32.11.3.rel1.win32_1.1.1.202309131626/tools/bin/../lib/gcc/arm-none-eabi/11.3.1/thumb/v7e-m+fp/hard\libgcc.a
LOAD C:/ST/STM32CubeIDE_1.13.2/STM32CubeIDE/plugins/com.st.stm32cube.ide.mcu.externaltools.gnu-tools-for-stm32.11.3.rel1.win32_1.1.1.202309131626/tools/bin/../lib/gcc/arm-none-eabi/11.3.1/../../../../arm-none-eabi/lib/thumb/v7e-m+fp/hard\libc_nano.a
LOAD C:/ST/STM32CubeIDE_1.13.2/STM32CubeIDE/plugins/com.st.stm32cube.ide.mcu.externaltools.gnu-tools-for-stm32.11.3.rel1.win32_1.1.1.202309131626/tools/bin/../lib/gcc/arm-none-eabi/11.3.1/../../../../arm-none-eabi/lib/thumb/v7e-m+fp/hard\libnosys.a
END GROUP
LOAD C:/ST/STM32CubeIDE_1.13.2/STM32CubeIDE/plugins/com.st.stm32cube.ide.mcu.externaltools.gnu-tools-for-stm32.11.3.rel1.win32_1.1.1.202309131626/tools/bin/../lib/gcc/arm-none-eabi/11.3.1/thumb/v7e-m+fp/hard/crtend.o
LOAD C:/ST/STM32CubeIDE_1.13.2/STM32CubeIDE/plugins/com.st.stm32cube.ide.mcu.externaltools.gnu-tools-for-stm32.11.3.rel1.win32_1.1.1.202309131626/tools/bin/../lib/gcc/arm-none-eabi/11.3.1/thumb/v7e-m+fp/hard/crtn.o
                0x0000000020030000                _estack = (ORIGIN (RAM) + LENGTH (RAM))
                0x0000000000000200                _Min_Heap_Size = 0x200
                0x0000000000000400                _Min_Stack_Size = 0x400

.isr_vector     0x0000000008000000      0x1ac
                0x0000000008000000                . = ALIGN (0x4)
 *(.isr_vector)
 .isr_vector    0x0000000008000000      0x1ac ./Core/Startup/startup_stm32f429zitx.o
                0x0000000008000000                g_pfnVectors
                0x00000000080001ac                . = ALIGN (0x4)

.text           0x00000000080001ac     0x2f2c
                0x00000000080001ac                . = ALIGN (0x4)
 *(.text)
 .text          0x00000000080001ac       0x40 C:/ST/STM32CubeIDE_1.13.2/STM32CubeIDE/plugins/com.st.stm32cube.ide.mcu.externaltools.gnu-tools-for-stm32.11.3.rel1.win32_1.1.1.202309131626/tools/bin/../lib/gcc/arm-none-eabi/11.3.1/thumb/v7e-m+fp/hard/crtbegin.o
 .text          0x00000000080001ec       0x30 C:/ST/STM32CubeIDE_1.13.2/STM32CubeIDE/plugins/com.st.stm32cube.ide.mcu.externaltools.gnu-tools-for-stm32.11.3.rel1.win32_1.1.1.202309131626/tools/bin/../lib/gcc/arm-none-eabi/11.3.1/thumb/v7e-m+fp/hard\libgcc.a(_aeabi_uldivmod.o)
                0x00000000080001ec                __aeabi_uldivmod
 .text          0x000000000800021c      0x2c8 C:/ST/STM32CubeIDE_1.13.2/STM32CubeIDE/plugins/com.st.stm32cube.ide.mcu.externaltools.gnu-tools-for-stm32.11.3.rel1.win32_1.1.1.202309131626/tools/bin/../lib/gcc/arm-none-eabi/11.3.1/thumb/v7e-m+fp/hard\libgcc.a(_udivmoddi4.o)
                0x000000000800021c                __udivmoddi4
 .text          0x00000000080004e4        0x4 C:/ST/STM32CubeIDE_1.13.2/STM32CubeIDE/plugins/com.st.stm32cube.ide.mcu.externaltools.gnu-tools-for-stm32.11.3.rel1.win32_1.1.1.202309131626/tools/bin/../lib/gcc/arm-none-eabi/11.3.1/thumb/v7e-m+fp/hard\libgcc.a(_dvmd_tls.o)
                0x00000000080004e4                __aeabi_idiv0
                0x00000000080004e4                __aeabi_ldiv0
 *(.text*)
 .text.MX_ETH_Init
                0x00000000080004e8       0x9c ./Core/Src/eth.o
                0x00000000080004e8                MX_ETH_Init
 .text.HAL_ETH_MspInit
                0x0000000008000584      0x18c ./Core/Src/eth.o
                0x0000000008000584                HAL_ETH_MspInit
 .text.MX_GPIO_Init
                0x0000000008000710      0x15c ./Core/Src/gpio.o
                0x0000000008000710                MX_GPIO_Init
 .text.main     0x000000000800086c       0x48 ./Core/Src/main.o
                0x000000000800086c                main
 .text.SystemClock_Config
                0x00000000080008b4       0xd4 ./Core/Src/main.o
                0x00000000080008b4                SystemClock_Config
 .text.Error_Handler
                0x0000000008000988        0xa ./Core/Src/main.o
                0x0000000008000988                Error_Handler
 *fill*         0x0000000008000992        0x2 
 .text.HAL_MspInit
                0x0000000008000994       0x50 ./Core/Src/stm32f4xx_hal_msp.o
                0x0000000008000994                HAL_MspInit
 .text.NMI_Handler
                0x00000000080009e4        0x6 ./Core/Src/stm32f4xx_it.o
                0x00000000080009e4                NMI_Handler
 .text.HardFault_Handler
                0x00000000080009ea        0x6 ./Core/Src/stm32f4xx_it.o
                0x00000000080009ea                HardFault_Handler
 .text.MemManage_Handler
                0x00000000080009f0        0x6 ./Core/Src/stm32f4xx_it.o
                0x00000000080009f0                MemManage_Handler
 .text.BusFault_Handler
                0x00000000080009f6        0x6 ./Core/Src/stm32f4xx_it.o
                0x00000000080009f6                BusFault_Handler
 .text.UsageFault_Handler
                0x00000000080009fc        0x6 ./Core/Src/stm32f4xx_it.o
                0x00000000080009fc                UsageFault_Handler
 .text.SVC_Handler
                0x0000000008000a02        0xe ./Core/Src/stm32f4xx_it.o
                0x0000000008000a02                SVC_Handler
 .text.DebugMon_Handler
                0x0000000008000a10        0xe ./Core/Src/stm32f4xx_it.o
                0x0000000008000a10                DebugMon_Handler
 .text.PendSV_Handler
                0x0000000008000a1e        0xe ./Core/Src/stm32f4xx_it.o
                0x0000000008000a1e                PendSV_Handler
 .text.SysTick_Handler
                0x0000000008000a2c        0xc ./Core/Src/stm32f4xx_it.o
                0x0000000008000a2c                SysTick_Handler
 .text.SystemInit
                0x0000000008000a38       0x24 ./Core/Src/system_stm32f4xx.o
                0x0000000008000a38                SystemInit
 .text.MX_USART3_UART_Init
                0x0000000008000a5c       0x54 ./Core/Src/usart.o
                0x0000000008000a5c                MX_USART3_UART_Init
 .text.HAL_UART_MspInit
                0x0000000008000ab0       0x90 ./Core/Src/usart.o
                0x0000000008000ab0                HAL_UART_MspInit
 .text.MX_USB_OTG_FS_PCD_Init
                0x0000000008000b40       0x5c ./Core/Src/usb_otg.o
                0x0000000008000b40                MX_USB_OTG_FS_PCD_Init
 .text.HAL_PCD_MspInit
                0x0000000008000b9c       0xb4 ./Core/Src/usb_otg.o
                0x0000000008000b9c                HAL_PCD_MspInit
 .text.Reset_Handler
                0x0000000008000c50       0x50 ./Core/Startup/startup_stm32f429zitx.o
                0x0000000008000c50                Reset_Handler
 .text.Default_Handler
                0x0000000008000ca0        0x2 ./Core/Startup/startup_stm32f429zitx.o
                0x0000000008000ca0                RTC_Alarm_IRQHandler
                0x0000000008000ca0                HASH_RNG_IRQHandler
                0x0000000008000ca0                EXTI2_IRQHandler
                0x0000000008000ca0                TIM8_CC_IRQHandler
                0x0000000008000ca0                UART8_IRQHandler
                0x0000000008000ca0                SPI4_IRQHandler
                0x0000000008000ca0                TIM1_CC_IRQHandler
                0x0000000008000ca0                DMA2_Stream5_IRQHandler
                0x0000000008000ca0                DMA1_Stream5_IRQHandler
                0x0000000008000ca0                PVD_IRQHandler
                0x0000000008000ca0                SDIO_IRQHandler
                0x0000000008000ca0                TAMP_STAMP_IRQHandler
                0x0000000008000ca0                CAN2_RX1_IRQHandler
                0x0000000008000ca0                EXTI3_IRQHandler
                0x0000000008000ca0                TIM8_TRG_COM_TIM14_IRQHandler
                0x0000000008000ca0                TIM1_UP_TIM10_IRQHandler
                0x0000000008000ca0                TIM8_UP_TIM13_IRQHandler
                0x0000000008000ca0                I2C3_ER_IRQHandler
                0x0000000008000ca0                EXTI0_IRQHandler
                0x0000000008000ca0                I2C2_EV_IRQHandler
                0x0000000008000ca0                DMA1_Stream2_IRQHandler
                0x0000000008000ca0                CAN1_RX0_IRQHandler
                0x0000000008000ca0                FPU_IRQHandler
                0x0000000008000ca0                OTG_HS_WKUP_IRQHandler
                0x0000000008000ca0                LTDC_ER_IRQHandler
                0x0000000008000ca0                CAN2_SCE_IRQHandler
                0x0000000008000ca0                DMA2_Stream2_IRQHandler
                0x0000000008000ca0                SPI1_IRQHandler
                0x0000000008000ca0                TIM6_DAC_IRQHandler
                0x0000000008000ca0                TIM1_BRK_TIM9_IRQHandler
                0x0000000008000ca0                DCMI_IRQHandler
                0x0000000008000ca0                CAN2_RX0_IRQHandler
                0x0000000008000ca0                DMA2_Stream3_IRQHandler
                0x0000000008000ca0                USART6_IRQHandler
                0x0000000008000ca0                USART3_IRQHandler
                0x0000000008000ca0                CAN1_RX1_IRQHandler
                0x0000000008000ca0                UART5_IRQHandler
                0x0000000008000ca0                DMA2_Stream0_IRQHandler
                0x0000000008000ca0                TIM4_IRQHandler
                0x0000000008000ca0                I2C1_EV_IRQHandler
                0x0000000008000ca0                DMA1_Stream6_IRQHandler
                0x0000000008000ca0                DMA1_Stream1_IRQHandler
                0x0000000008000ca0                UART4_IRQHandler
                0x0000000008000ca0                TIM3_IRQHandler
                0x0000000008000ca0                RCC_IRQHandler
                0x0000000008000ca0                TIM8_BRK_TIM12_IRQHandler
                0x0000000008000ca0                Default_Handler
                0x0000000008000ca0                EXTI15_10_IRQHandler
                0x0000000008000ca0                ADC_IRQHandler
                0x0000000008000ca0                DMA1_Stream7_IRQHandler
                0x0000000008000ca0                SPI5_IRQHandler
                0x0000000008000ca0                TIM7_IRQHandler
                0x0000000008000ca0                CAN2_TX_IRQHandler
                0x0000000008000ca0                TIM5_IRQHandler
                0x0000000008000ca0                DMA2_Stream7_IRQHandler
                0x0000000008000ca0                I2C3_EV_IRQHandler
                0x0000000008000ca0                EXTI9_5_IRQHandler
                0x0000000008000ca0                RTC_WKUP_IRQHandler
                0x0000000008000ca0                LTDC_IRQHandler
                0x0000000008000ca0                ETH_WKUP_IRQHandler
                0x0000000008000ca0                SPI2_IRQHandler
                0x0000000008000ca0                OTG_HS_EP1_IN_IRQHandler
                0x0000000008000ca0                DMA1_Stream0_IRQHandler
                0x0000000008000ca0                CAN1_TX_IRQHandler
                0x0000000008000ca0                EXTI4_IRQHandler
                0x0000000008000ca0                ETH_IRQHandler
                0x0000000008000ca0                OTG_HS_EP1_OUT_IRQHandler
                0x0000000008000ca0                WWDG_IRQHandler
                0x0000000008000ca0                SPI6_IRQHandler
                0x0000000008000ca0                TIM2_IRQHandler
                0x0000000008000ca0                OTG_FS_WKUP_IRQHandler
                0x0000000008000ca0                TIM1_TRG_COM_TIM11_IRQHandler
                0x0000000008000ca0                OTG_HS_IRQHandler
                0x0000000008000ca0                DMA2D_IRQHandler
                0x0000000008000ca0                EXTI1_IRQHandler
                0x0000000008000ca0                UART7_IRQHandler
                0x0000000008000ca0                USART2_IRQHandler
                0x0000000008000ca0                I2C2_ER_IRQHandler
                0x0000000008000ca0                DMA2_Stream1_IRQHandler
                0x0000000008000ca0                CAN1_SCE_IRQHandler
                0x0000000008000ca0                FLASH_IRQHandler
                0x0000000008000ca0                DMA2_Stream4_IRQHandler
                0x0000000008000ca0                USART1_IRQHandler
                0x0000000008000ca0                OTG_FS_IRQHandler
                0x0000000008000ca0                SPI3_IRQHandler
                0x0000000008000ca0                DMA1_Stream4_IRQHandler
                0x0000000008000ca0                I2C1_ER_IRQHandler
                0x0000000008000ca0                FMC_IRQHandler
                0x0000000008000ca0                DMA2_Stream6_IRQHandler
                0x0000000008000ca0                SAI1_IRQHandler
                0x0000000008000ca0                DMA1_Stream3_IRQHandler
 *fill*         0x0000000008000ca2        0x2 
 .text.HAL_Init
                0x0000000008000ca4       0x44 ./Drivers/STM32F4xx_HAL_Driver/Src/stm32f4xx_hal.o
                0x0000000008000ca4                HAL_Init
 .text.HAL_InitTick
                0x0000000008000ce8       0x60 ./Drivers/STM32F4xx_HAL_Driver/Src/stm32f4xx_hal.o
                0x0000000008000ce8                HAL_InitTick
 .text.HAL_IncTick
                0x0000000008000d48       0x28 ./Drivers/STM32F4xx_HAL_Driver/Src/stm32f4xx_hal.o
                0x0000000008000d48                HAL_IncTick
 .text.HAL_GetTick
                0x0000000008000d70       0x18 ./Drivers/STM32F4xx_HAL_Driver/Src/stm32f4xx_hal.o
                0x0000000008000d70                HAL_GetTick
 .text.HAL_Delay
                0x0000000008000d88       0x48 ./Drivers/STM32F4xx_HAL_Driver/Src/stm32f4xx_hal.o
                0x0000000008000d88                HAL_Delay
 .text.__NVIC_SetPriorityGrouping
                0x0000000008000dd0       0x48 ./Drivers/STM32F4xx_HAL_Driver/Src/stm32f4xx_hal_cortex.o
 .text.__NVIC_GetPriorityGrouping
                0x0000000008000e18       0x1c ./Drivers/STM32F4xx_HAL_Driver/Src/stm32f4xx_hal_cortex.o
 .text.__NVIC_SetPriority
                0x0000000008000e34       0x54 ./Drivers/STM32F4xx_HAL_Driver/Src/stm32f4xx_hal_cortex.o
 .text.NVIC_EncodePriority
                0x0000000008000e88       0x66 ./Drivers/STM32F4xx_HAL_Driver/Src/stm32f4xx_hal_cortex.o
 *fill*         0x0000000008000eee        0x2 
 .text.SysTick_Config
                0x0000000008000ef0       0x44 ./Drivers/STM32F4xx_HAL_Driver/Src/stm32f4xx_hal_cortex.o
 .text.HAL_NVIC_SetPriorityGrouping
                0x0000000008000f34       0x16 ./Drivers/STM32F4xx_HAL_Driver/Src/stm32f4xx_hal_cortex.o
                0x0000000008000f34                HAL_NVIC_SetPriorityGrouping
 .text.HAL_NVIC_SetPriority
                0x0000000008000f4a       0x38 ./Drivers/STM32F4xx_HAL_Driver/Src/stm32f4xx_hal_cortex.o
                0x0000000008000f4a                HAL_NVIC_SetPriority
 .text.HAL_SYSTICK_Config
                0x0000000008000f82       0x18 ./Drivers/STM32F4xx_HAL_Driver/Src/stm32f4xx_hal_cortex.o
                0x0000000008000f82                HAL_SYSTICK_Config
 *fill*         0x0000000008000f9a        0x2 
 .text.HAL_ETH_Init
                0x0000000008000f9c       0xfc ./Drivers/STM32F4xx_HAL_Driver/Src/stm32f4xx_hal_eth.o
                0x0000000008000f9c                HAL_ETH_Init
 .text.ETH_SetMACConfig
                0x0000000008001098      0x160 ./Drivers/STM32F4xx_HAL_Driver/Src/stm32f4xx_hal_eth.o
 .text.ETH_SetDMAConfig
                0x00000000080011f8      0x114 ./Drivers/STM32F4xx_HAL_Driver/Src/stm32f4xx_hal_eth.o
 .text.ETH_MACDMAConfig
                0x000000000800130c       0xe4 ./Drivers/STM32F4xx_HAL_Driver/Src/stm32f4xx_hal_eth.o
 .text.ETH_MACAddressConfig
                0x00000000080013f0       0x70 ./Drivers/STM32F4xx_HAL_Driver/Src/stm32f4xx_hal_eth.o
 .text.ETH_DMATxDescListInit
                0x0000000008001460       0xb2 ./Drivers/STM32F4xx_HAL_Driver/Src/stm32f4xx_hal_eth.o
 .text.ETH_DMARxDescListInit
                0x0000000008001512       0xda ./Drivers/STM32F4xx_HAL_Driver/Src/stm32f4xx_hal_eth.o
 .text.HAL_GPIO_Init
                0x00000000080015ec      0x358 ./Drivers/STM32F4xx_HAL_Driver/Src/stm32f4xx_hal_gpio.o
                0x00000000080015ec                HAL_GPIO_Init
 .text.HAL_GPIO_WritePin
                0x0000000008001944       0x32 ./Drivers/STM32F4xx_HAL_Driver/Src/stm32f4xx_hal_gpio.o
                0x0000000008001944                HAL_GPIO_WritePin
 .text.HAL_PCD_Init
                0x0000000008001976      0x23a ./Drivers/STM32F4xx_HAL_Driver/Src/stm32f4xx_hal_pcd.o
                0x0000000008001976                HAL_PCD_Init
 .text.HAL_RCC_OscConfig
                0x0000000008001bb0      0x4f0 ./Drivers/STM32F4xx_HAL_Driver/Src/stm32f4xx_hal_rcc.o
                0x0000000008001bb0                HAL_RCC_OscConfig
 .text.HAL_RCC_ClockConfig
                0x00000000080020a0      0x1cc ./Drivers/STM32F4xx_HAL_Driver/Src/stm32f4xx_hal_rcc.o
                0x00000000080020a0                HAL_RCC_ClockConfig
 .text.HAL_RCC_GetSysClockFreq
                0x000000000800226c      0x20c ./Drivers/STM32F4xx_HAL_Driver/Src/stm32f4xx_hal_rcc.o
                0x000000000800226c                HAL_RCC_GetSysClockFreq
 .text.HAL_RCC_GetHCLKFreq
                0x0000000008002478       0x18 ./Drivers/STM32F4xx_HAL_Driver/Src/stm32f4xx_hal_rcc.o
                0x0000000008002478                HAL_RCC_GetHCLKFreq
 .text.HAL_RCC_GetPCLK1Freq
                0x0000000008002490       0x28 ./Drivers/STM32F4xx_HAL_Driver/Src/stm32f4xx_hal_rcc.o
                0x0000000008002490                HAL_RCC_GetPCLK1Freq
 .text.HAL_RCC_GetPCLK2Freq
                0x00000000080024b8       0x28 ./Drivers/STM32F4xx_HAL_Driver/Src/stm32f4xx_hal_rcc.o
                0x00000000080024b8                HAL_RCC_GetPCLK2Freq
 .text.HAL_UART_Init
                0x00000000080024e0       0x9a ./Drivers/STM32F4xx_HAL_Driver/Src/stm32f4xx_hal_uart.o
                0x00000000080024e0                HAL_UART_Init
 *fill*         0x000000000800257a        0x2 
 .text.UART_SetConfig
                0x000000000800257c      0x4e8 ./Drivers/STM32F4xx_HAL_Driver/Src/stm32f4xx_hal_uart.o
 .text.USB_CoreInit
                0x0000000008002a64       0xc2 ./Drivers/STM32F4xx_HAL_Driver/Src/stm32f4xx_ll_usb.o
                0x0000000008002a64                USB_CoreInit
 .text.USB_DisableGlobalInt
                0x0000000008002b26       0x22 ./Drivers/STM32F4xx_HAL_Driver/Src/stm32f4xx_ll_usb.o
                0x0000000008002b26                USB_DisableGlobalInt
 .text.USB_SetCurrentMode
                0x0000000008002b48       0x98 ./Drivers/STM32F4xx_HAL_Driver/Src/stm32f4xx_ll_usb.o
                0x0000000008002b48                USB_SetCurrentMode
 .text.USB_DevInit
                0x0000000008002be0      0x2c8 ./Drivers/STM32F4xx_HAL_Driver/Src/stm32f4xx_ll_usb.o
                0x0000000008002be0                USB_DevInit
 .text.USB_FlushTxFifo
                0x0000000008002ea8       0x68 ./Drivers/STM32F4xx_HAL_Driver/Src/stm32f4xx_ll_usb.o
                0x0000000008002ea8                USB_FlushTxFifo
 .text.USB_FlushRxFifo
                0x0000000008002f10       0x60 ./Drivers/STM32F4xx_HAL_Driver/Src/stm32f4xx_ll_usb.o
                0x0000000008002f10                USB_FlushRxFifo
 .text.USB_SetDevSpeed
                0x0000000008002f70       0x32 ./Drivers/STM32F4xx_HAL_Driver/Src/stm32f4xx_ll_usb.o
                0x0000000008002f70                USB_SetDevSpeed
 .text.USB_DevDisconnect
                0x0000000008002fa2       0x42 ./Drivers/STM32F4xx_HAL_Driver/Src/stm32f4xx_ll_usb.o
                0x0000000008002fa2                USB_DevDisconnect
 .text.USB_GetMode
                0x0000000008002fe4       0x1c ./Drivers/STM32F4xx_HAL_Driver/Src/stm32f4xx_ll_usb.o
                0x0000000008002fe4                USB_GetMode
 .text.USB_CoreReset
                0x0000000008003000       0x68 ./Drivers/STM32F4xx_HAL_Driver/Src/stm32f4xx_ll_usb.o
 .text.memset   0x0000000008003068       0x10 C:/ST/STM32CubeIDE_1.13.2/STM32CubeIDE/plugins/com.st.stm32cube.ide.mcu.externaltools.gnu-tools-for-stm32.11.3.rel1.win32_1.1.1.202309131626/tools/bin/../lib/gcc/arm-none-eabi/11.3.1/../../../../arm-none-eabi/lib/thumb/v7e-m+fp/hard\libc_nano.a(libc_a-memset.o)
                0x0000000008003068                memset
 .text.__libc_init_array
                0x0000000008003078       0x48 C:/ST/STM32CubeIDE_1.13.2/STM32CubeIDE/plugins/com.st.stm32cube.ide.mcu.externaltools.gnu-tools-for-stm32.11.3.rel1.win32_1.1.1.202309131626/tools/bin/../lib/gcc/arm-none-eabi/11.3.1/../../../../arm-none-eabi/lib/thumb/v7e-m+fp/hard\libc_nano.a(libc_a-init.o)
                0x0000000008003078                __libc_init_array
 *(.glue_7)
 .glue_7        0x00000000080030c0        0x0 linker stubs
 *(.glue_7t)
 .glue_7t       0x00000000080030c0        0x0 linker stubs
 *(.eh_frame)
 .eh_frame      0x00000000080030c0        0x0 C:/ST/STM32CubeIDE_1.13.2/STM32CubeIDE/plugins/com.st.stm32cube.ide.mcu.externaltools.gnu-tools-for-stm32.11.3.rel1.win32_1.1.1.202309131626/tools/bin/../lib/gcc/arm-none-eabi/11.3.1/thumb/v7e-m+fp/hard/crtbegin.o
 *(.init)
 .init          0x00000000080030c0        0x4 C:/ST/STM32CubeIDE_1.13.2/STM32CubeIDE/plugins/com.st.stm32cube.ide.mcu.externaltools.gnu-tools-for-stm32.11.3.rel1.win32_1.1.1.202309131626/tools/bin/../lib/gcc/arm-none-eabi/11.3.1/thumb/v7e-m+fp/hard/crti.o
                0x00000000080030c0                _init
 .init          0x00000000080030c4        0x8 C:/ST/STM32CubeIDE_1.13.2/STM32CubeIDE/plugins/com.st.stm32cube.ide.mcu.externaltools.gnu-tools-for-stm32.11.3.rel1.win32_1.1.1.202309131626/tools/bin/../lib/gcc/arm-none-eabi/11.3.1/thumb/v7e-m+fp/hard/crtn.o
 *(.fini)
 .fini          0x00000000080030cc        0x4 C:/ST/STM32CubeIDE_1.13.2/STM32CubeIDE/plugins/com.st.stm32cube.ide.mcu.externaltools.gnu-tools-for-stm32.11.3.rel1.win32_1.1.1.202309131626/tools/bin/../lib/gcc/arm-none-eabi/11.3.1/thumb/v7e-m+fp/hard/crti.o
                0x00000000080030cc                _fini
 .fini          0x00000000080030d0        0x8 C:/ST/STM32CubeIDE_1.13.2/STM32CubeIDE/plugins/com.st.stm32cube.ide.mcu.externaltools.gnu-tools-for-stm32.11.3.rel1.win32_1.1.1.202309131626/tools/bin/../lib/gcc/arm-none-eabi/11.3.1/thumb/v7e-m+fp/hard/crtn.o
                0x00000000080030d8                . = ALIGN (0x4)
                0x00000000080030d8                _etext = .

.vfp11_veneer   0x00000000080030d8        0x0
 .vfp11_veneer  0x00000000080030d8        0x0 linker stubs

.v4_bx          0x00000000080030d8        0x0
 .v4_bx         0x00000000080030d8        0x0 linker stubs

.iplt           0x00000000080030d8        0x0
 .iplt          0x00000000080030d8        0x0 C:/ST/STM32CubeIDE_1.13.2/STM32CubeIDE/plugins/com.st.stm32cube.ide.mcu.externaltools.gnu-tools-for-stm32.11.3.rel1.win32_1.1.1.202309131626/tools/bin/../lib/gcc/arm-none-eabi/11.3.1/thumb/v7e-m+fp/hard/crtbegin.o

.rodata         0x00000000080030d8       0x18
                0x00000000080030d8                . = ALIGN (0x4)
 *(.rodata)
 *(.rodata*)
 .rodata.AHBPrescTable
                0x00000000080030d8       0x10 ./Core/Src/system_stm32f4xx.o
                0x00000000080030d8                AHBPrescTable
 .rodata.APBPrescTable
                0x00000000080030e8        0x8 ./Core/Src/system_stm32f4xx.o
                0x00000000080030e8                APBPrescTable
                0x00000000080030f0                . = ALIGN (0x4)

.ARM.extab      0x00000000080030f0        0x0
                0x00000000080030f0                . = ALIGN (0x4)
 *(.ARM.extab* .gnu.linkonce.armextab.*)
                0x00000000080030f0                . = ALIGN (0x4)

.ARM            0x00000000080030f0        0x8
                0x00000000080030f0                . = ALIGN (0x4)
                0x00000000080030f0                __exidx_start = .
 *(.ARM.exidx*)
 .ARM.exidx     0x00000000080030f0        0x8 C:/ST/STM32CubeIDE_1.13.2/STM32CubeIDE/plugins/com.st.stm32cube.ide.mcu.externaltools.gnu-tools-for-stm32.11.3.rel1.win32_1.1.1.202309131626/tools/bin/../lib/gcc/arm-none-eabi/11.3.1/thumb/v7e-m+fp/hard\libgcc.a(_udivmoddi4.o)
                0x00000000080030f8                __exidx_end = .
                0x00000000080030f8                . = ALIGN (0x4)

.rel.dyn        0x00000000080030f8        0x0
 .rel.iplt      0x00000000080030f8        0x0 C:/ST/STM32CubeIDE_1.13.2/STM32CubeIDE/plugins/com.st.stm32cube.ide.mcu.externaltools.gnu-tools-for-stm32.11.3.rel1.win32_1.1.1.202309131626/tools/bin/../lib/gcc/arm-none-eabi/11.3.1/thumb/v7e-m+fp/hard/crtbegin.o

.preinit_array  0x00000000080030f8        0x0
                0x00000000080030f8                . = ALIGN (0x4)
                0x00000000080030f8                PROVIDE (__preinit_array_start = .)
 *(.preinit_array*)
                0x00000000080030f8                PROVIDE (__preinit_array_end = .)
                0x00000000080030f8                . = ALIGN (0x4)

.init_array     0x00000000080030f8        0x4
                0x00000000080030f8                . = ALIGN (0x4)
                0x00000000080030f8                PROVIDE (__init_array_start = .)
 *(SORT_BY_NAME(.init_array.*))
 *(.init_array*)
 .init_array    0x00000000080030f8        0x4 C:/ST/STM32CubeIDE_1.13.2/STM32CubeIDE/plugins/com.st.stm32cube.ide.mcu.externaltools.gnu-tools-for-stm32.11.3.rel1.win32_1.1.1.202309131626/tools/bin/../lib/gcc/arm-none-eabi/11.3.1/thumb/v7e-m+fp/hard/crtbegin.o
                0x00000000080030fc                PROVIDE (__init_array_end = .)
                0x00000000080030fc                . = ALIGN (0x4)

.fini_array     0x00000000080030fc        0x4
                0x00000000080030fc                . = ALIGN (0x4)
                [!provide]                        PROVIDE (__fini_array_start = .)
 *(SORT_BY_NAME(.fini_array.*))
 *(.fini_array*)
 .fini_array    0x00000000080030fc        0x4 C:/ST/STM32CubeIDE_1.13.2/STM32CubeIDE/plugins/com.st.stm32cube.ide.mcu.externaltools.gnu-tools-for-stm32.11.3.rel1.win32_1.1.1.202309131626/tools/bin/../lib/gcc/arm-none-eabi/11.3.1/thumb/v7e-m+fp/hard/crtbegin.o
                [!provide]                        PROVIDE (__fini_array_end = .)
                0x0000000008003100                . = ALIGN (0x4)
                0x0000000008003100                _sidata = LOADADDR (.data)

.data           0x0000000020000000        0xc load address 0x0000000008003100
                0x0000000020000000                . = ALIGN (0x4)
                0x0000000020000000                _sdata = .
 *(.data)
 *(.data*)
 .data.SystemCoreClock
                0x0000000020000000        0x4 ./Core/Src/system_stm32f4xx.o
                0x0000000020000000                SystemCoreClock
 .data.uwTickPrio
                0x0000000020000004        0x4 ./Drivers/STM32F4xx_HAL_Driver/Src/stm32f4xx_hal.o
                0x0000000020000004                uwTickPrio
 .data.uwTickFreq
                0x0000000020000008        0x1 ./Drivers/STM32F4xx_HAL_Driver/Src/stm32f4xx_hal.o
                0x0000000020000008                uwTickFreq
 *(.RamFunc)
 *(.RamFunc*)
                0x000000002000000c                . = ALIGN (0x4)
 *fill*         0x0000000020000009        0x3 
                0x000000002000000c                _edata = .
                0x000000000800310c                _siccmram = LOADADDR (.ccmram)

.igot.plt       0x000000002000000c        0x0 load address 0x000000000800310c
 .igot.plt      0x000000002000000c        0x0 C:/ST/STM32CubeIDE_1.13.2/STM32CubeIDE/plugins/com.st.stm32cube.ide.mcu.externaltools.gnu-tools-for-stm32.11.3.rel1.win32_1.1.1.202309131626/tools/bin/../lib/gcc/arm-none-eabi/11.3.1/thumb/v7e-m+fp/hard/crtbegin.o

.ccmram         0x0000000010000000        0x0 load address 0x000000000800310c
                0x0000000010000000                . = ALIGN (0x4)
                0x0000000010000000                _sccmram = .
 *(.ccmram)
 *(.ccmram*)
                0x0000000010000000                . = ALIGN (0x4)
                0x0000000010000000                _eccmram = .
                0x0000000010000000                . = ALIGN (0x4)

.bss            0x000000002000000c      0x7a0
                0x000000002000000c                _sbss = .
                0x000000002000000c                __bss_start__ = _sbss
 *(.bss)
 .bss           0x000000002000000c       0x1c C:/ST/STM32CubeIDE_1.13.2/STM32CubeIDE/plugins/com.st.stm32cube.ide.mcu.externaltools.gnu-tools-for-stm32.11.3.rel1.win32_1.1.1.202309131626/tools/bin/../lib/gcc/arm-none-eabi/11.3.1/thumb/v7e-m+fp/hard/crtbegin.o
 *(.bss*)
 .bss.DMARxDscrTab
                0x0000000020000028       0xa0 ./Core/Src/eth.o
                0x0000000020000028                DMARxDscrTab
 .bss.DMATxDscrTab
                0x00000000200000c8       0xa0 ./Core/Src/eth.o
                0x00000000200000c8                DMATxDscrTab
 .bss.TxConfig  0x0000000020000168       0x38 ./Core/Src/eth.o
                0x0000000020000168                TxConfig
 .bss.heth      0x00000000200001a0       0xb0 ./Core/Src/eth.o
                0x00000000200001a0                heth
 .bss.MACAddr.0
                0x0000000020000250        0x6 ./Core/Src/eth.o
 *fill*         0x0000000020000256        0x2 
 .bss.huart3    0x0000000020000258       0x44 ./Core/Src/usart.o
                0x0000000020000258                huart3
 .bss.hpcd_USB_OTG_FS
                0x000000002000029c      0x50c ./Core/Src/usb_otg.o
                0x000000002000029c                hpcd_USB_OTG_FS
 .bss.uwTick    0x00000000200007a8        0x4 ./Drivers/STM32F4xx_HAL_Driver/Src/stm32f4xx_hal.o
                0x00000000200007a8                uwTick
 *(COMMON)
                0x00000000200007ac                . = ALIGN (0x4)
                0x00000000200007ac                _ebss = .
                0x00000000200007ac                __bss_end__ = _ebss

._user_heap_stack
                0x00000000200007ac      0x604
                0x00000000200007b0                . = ALIGN (0x8)
 *fill*         0x00000000200007ac        0x4 
                [!provide]                        PROVIDE (end = .)
                0x00000000200007b0                PROVIDE (_end = .)
                0x00000000200009b0                . = (. + _Min_Heap_Size)
 *fill*         0x00000000200007b0      0x200 
                0x0000000020000db0                . = (. + _Min_Stack_Size)
 *fill*         0x00000000200009b0      0x400 
                0x0000000020000db0                . = ALIGN (0x8)

/DISCARD/
 libc.a(*)
 libm.a(*)
 libgcc.a(*)

.ARM.attributes
                0x0000000000000000       0x30
 *(.ARM.attributes)
 .ARM.attributes
                0x0000000000000000       0x1e C:/ST/STM32CubeIDE_1.13.2/STM32CubeIDE/plugins/com.st.stm32cube.ide.mcu.externaltools.gnu-tools-for-stm32.11.3.rel1.win32_1.1.1.202309131626/tools/bin/../lib/gcc/arm-none-eabi/11.3.1/thumb/v7e-m+fp/hard/crti.o
 .ARM.attributes
                0x000000000000001e       0x34 C:/ST/STM32CubeIDE_1.13.2/STM32CubeIDE/plugins/com.st.stm32cube.ide.mcu.externaltools.gnu-tools-for-stm32.11.3.rel1.win32_1.1.1.202309131626/tools/bin/../lib/gcc/arm-none-eabi/11.3.1/thumb/v7e-m+fp/hard/crtbegin.o
 .ARM.attributes
                0x0000000000000052       0x34 ./Core/Src/eth.o
 .ARM.attributes
                0x0000000000000086       0x34 ./Core/Src/gpio.o
 .ARM.attributes
                0x00000000000000ba       0x34 ./Core/Src/main.o
 .ARM.attributes
                0x00000000000000ee       0x34 ./Core/Src/stm32f4xx_hal_msp.o
 .ARM.attributes
                0x0000000000000122       0x34 ./Core/Src/stm32f4xx_it.o
 .ARM.attributes
                0x0000000000000156       0x34 ./Core/Src/system_stm32f4xx.o
 .ARM.attributes
                0x000000000000018a       0x34 ./Core/Src/usart.o
 .ARM.attributes
                0x00000000000001be       0x34 ./Core/Src/usb_otg.o
 .ARM.attributes
                0x00000000000001f2       0x21 ./Core/Startup/startup_stm32f429zitx.o
 .ARM.attributes
                0x0000000000000213       0x34 ./Drivers/STM32F4xx_HAL_Driver/Src/stm32f4xx_hal.o
 .ARM.attributes
                0x0000000000000247       0x34 ./Drivers/STM32F4xx_HAL_Driver/Src/stm32f4xx_hal_cortex.o
 .ARM.attributes
                0x000000000000027b       0x34 ./Drivers/STM32F4xx_HAL_Driver/Src/stm32f4xx_hal_eth.o
 .ARM.attributes
                0x00000000000002af       0x34 ./Drivers/STM32F4xx_HAL_Driver/Src/stm32f4xx_hal_gpio.o
 .ARM.attributes
                0x00000000000002e3       0x34 ./Drivers/STM32F4xx_HAL_Driver/Src/stm32f4xx_hal_pcd.o
 .ARM.attributes
                0x0000000000000317       0x34 ./Drivers/STM32F4xx_HAL_Driver/Src/stm32f4xx_hal_rcc.o
 .ARM.attributes
                0x000000000000034b       0x34 ./Drivers/STM32F4xx_HAL_Driver/Src/stm32f4xx_hal_uart.o
 .ARM.attributes
                0x000000000000037f       0x34 ./Drivers/STM32F4xx_HAL_Driver/Src/stm32f4xx_ll_usb.o
 .ARM.attributes
                0x00000000000003b3       0x34 C:/ST/STM32CubeIDE_1.13.2/STM32CubeIDE/plugins/com.st.stm32cube.ide.mcu.externaltools.gnu-tools-for-stm32.11.3.rel1.win32_1.1.1.202309131626/tools/bin/../lib/gcc/arm-none-eabi/11.3.1/../../../../arm-none-eabi/lib/thumb/v7e-m+fp/hard\libc_nano.a(libc_a-memset.o)
 .ARM.attributes
                0x00000000000003e7       0x34 C:/ST/STM32CubeIDE_1.13.2/STM32CubeIDE/plugins/com.st.stm32cube.ide.mcu.externaltools.gnu-tools-for-stm32.11.3.rel1.win32_1.1.1.202309131626/tools/bin/../lib/gcc/arm-none-eabi/11.3.1/../../../../arm-none-eabi/lib/thumb/v7e-m+fp/hard\libc_nano.a(libc_a-init.o)
 .ARM.attributes
                0x000000000000041b       0x1e C:/ST/STM32CubeIDE_1.13.2/STM32CubeIDE/plugins/com.st.stm32cube.ide.mcu.externaltools.gnu-tools-for-stm32.11.3.rel1.win32_1.1.1.202309131626/tools/bin/../lib/gcc/arm-none-eabi/11.3.1/thumb/v7e-m+fp/hard\libgcc.a(_aeabi_uldivmod.o)
 .ARM.attributes
                0x0000000000000439       0x34 C:/ST/STM32CubeIDE_1.13.2/STM32CubeIDE/plugins/com.st.stm32cube.ide.mcu.externaltools.gnu-tools-for-stm32.11.3.rel1.win32_1.1.1.202309131626/tools/bin/../lib/gcc/arm-none-eabi/11.3.1/thumb/v7e-m+fp/hard\libgcc.a(_udivmoddi4.o)
 .ARM.attributes
                0x000000000000046d       0x1e C:/ST/STM32CubeIDE_1.13.2/STM32CubeIDE/plugins/com.st.stm32cube.ide.mcu.externaltools.gnu-tools-for-stm32.11.3.rel1.win32_1.1.1.202309131626/tools/bin/../lib/gcc/arm-none-eabi/11.3.1/thumb/v7e-m+fp/hard\libgcc.a(_dvmd_tls.o)
 .ARM.attributes
                0x000000000000048b       0x1e C:/ST/STM32CubeIDE_1.13.2/STM32CubeIDE/plugins/com.st.stm32cube.ide.mcu.externaltools.gnu-tools-for-stm32.11.3.rel1.win32_1.1.1.202309131626/tools/bin/../lib/gcc/arm-none-eabi/11.3.1/thumb/v7e-m+fp/hard/crtn.o
OUTPUT(STM32-SPI.elf elf32-littlearm)
LOAD linker stubs
LOAD C:/ST/STM32CubeIDE_1.13.2/STM32CubeIDE/plugins/com.st.stm32cube.ide.mcu.externaltools.gnu-tools-for-stm32.11.3.rel1.win32_1.1.1.202309131626/tools/bin/../lib/gcc/arm-none-eabi/11.3.1/../../../../arm-none-eabi/lib/thumb/v7e-m+fp/hard\libc.a
LOAD C:/ST/STM32CubeIDE_1.13.2/STM32CubeIDE/plugins/com.st.stm32cube.ide.mcu.externaltools.gnu-tools-for-stm32.11.3.rel1.win32_1.1.1.202309131626/tools/bin/../lib/gcc/arm-none-eabi/11.3.1/../../../../arm-none-eabi/lib/thumb/v7e-m+fp/hard\libm.a
LOAD C:/ST/STM32CubeIDE_1.13.2/STM32CubeIDE/plugins/com.st.stm32cube.ide.mcu.externaltools.gnu-tools-for-stm32.11.3.rel1.win32_1.1.1.202309131626/tools/bin/../lib/gcc/arm-none-eabi/11.3.1/thumb/v7e-m+fp/hard\libgcc.a

.comment        0x0000000000000000       0x43
 .comment       0x0000000000000000       0x43 C:/ST/STM32CubeIDE_1.13.2/STM32CubeIDE/plugins/com.st.stm32cube.ide.mcu.externaltools.gnu-tools-for-stm32.11.3.rel1.win32_1.1.1.202309131626/tools/bin/../lib/gcc/arm-none-eabi/11.3.1/thumb/v7e-m+fp/hard/crtbegin.o
                                         0x44 (size before relaxing)
 .comment       0x0000000000000043       0x44 ./Core/Src/eth.o
 .comment       0x0000000000000043       0x44 ./Core/Src/gpio.o
 .comment       0x0000000000000043       0x44 ./Core/Src/main.o
 .comment       0x0000000000000043       0x44 ./Core/Src/stm32f4xx_hal_msp.o
 .comment       0x0000000000000043       0x44 ./Core/Src/stm32f4xx_it.o
 .comment       0x0000000000000043       0x44 ./Core/Src/system_stm32f4xx.o
 .comment       0x0000000000000043       0x44 ./Core/Src/usart.o
 .comment       0x0000000000000043       0x44 ./Core/Src/usb_otg.o
 .comment       0x0000000000000043       0x44 ./Drivers/STM32F4xx_HAL_Driver/Src/stm32f4xx_hal.o
 .comment       0x0000000000000043       0x44 ./Drivers/STM32F4xx_HAL_Driver/Src/stm32f4xx_hal_cortex.o
 .comment       0x0000000000000043       0x44 ./Drivers/STM32F4xx_HAL_Driver/Src/stm32f4xx_hal_eth.o
 .comment       0x0000000000000043       0x44 ./Drivers/STM32F4xx_HAL_Driver/Src/stm32f4xx_hal_gpio.o
 .comment       0x0000000000000043       0x44 ./Drivers/STM32F4xx_HAL_Driver/Src/stm32f4xx_hal_pcd.o
 .comment       0x0000000000000043       0x44 ./Drivers/STM32F4xx_HAL_Driver/Src/stm32f4xx_hal_rcc.o
 .comment       0x0000000000000043       0x44 ./Drivers/STM32F4xx_HAL_Driver/Src/stm32f4xx_hal_uart.o
 .comment       0x0000000000000043       0x44 ./Drivers/STM32F4xx_HAL_Driver/Src/stm32f4xx_ll_usb.o

.debug_info     0x0000000000000000     0xd9eb
 .debug_info    0x0000000000000000      0xf3c ./Core/Src/eth.o
 .debug_info    0x0000000000000f3c      0x459 ./Core/Src/gpio.o
 .debug_info    0x0000000000001395      0x5f2 ./Core/Src/main.o
 .debug_info    0x0000000000001987      0x281 ./Core/Src/stm32f4xx_hal_msp.o
 .debug_info    0x0000000000001c08      0x112 ./Core/Src/stm32f4xx_it.o
 .debug_info    0x0000000000001d1a      0x52e ./Core/Src/system_stm32f4xx.o
 .debug_info    0x0000000000002248      0x917 ./Core/Src/usart.o
 .debug_info    0x0000000000002b5f      0x933 ./Core/Src/usb_otg.o
 .debug_info    0x0000000000003492       0x23 ./Core/Startup/startup_stm32f429zitx.o
 .debug_info    0x00000000000034b5      0x9be ./Drivers/STM32F4xx_HAL_Driver/Src/stm32f4xx_hal.o
 .debug_info    0x0000000000003e73      0xd7c ./Drivers/STM32F4xx_HAL_Driver/Src/stm32f4xx_hal_cortex.o
 .debug_info    0x0000000000004bef     0x2069 ./Drivers/STM32F4xx_HAL_Driver/Src/stm32f4xx_hal_eth.o
 .debug_info    0x0000000000006c58      0x6db ./Drivers/STM32F4xx_HAL_Driver/Src/stm32f4xx_hal_gpio.o
 .debug_info    0x0000000000007333     0x1541 ./Drivers/STM32F4xx_HAL_Driver/Src/stm32f4xx_hal_pcd.o
 .debug_info    0x0000000000008874      0x8c9 ./Drivers/STM32F4xx_HAL_Driver/Src/stm32f4xx_hal_rcc.o
 .debug_info    0x000000000000913d     0x2fb8 ./Drivers/STM32F4xx_HAL_Driver/Src/stm32f4xx_hal_uart.o
 .debug_info    0x000000000000c0f5     0x18f6 ./Drivers/STM32F4xx_HAL_Driver/Src/stm32f4xx_ll_usb.o

.debug_abbrev   0x0000000000000000     0x217e
 .debug_abbrev  0x0000000000000000      0x249 ./Core/Src/eth.o
 .debug_abbrev  0x0000000000000249      0x152 ./Core/Src/gpio.o
 .debug_abbrev  0x000000000000039b      0x220 ./Core/Src/main.o
 .debug_abbrev  0x00000000000005bb       0xd8 ./Core/Src/stm32f4xx_hal_msp.o
 .debug_abbrev  0x0000000000000693       0x73 ./Core/Src/stm32f4xx_it.o
 .debug_abbrev  0x0000000000000706      0x11a ./Core/Src/system_stm32f4xx.o
 .debug_abbrev  0x0000000000000820      0x1f9 ./Core/Src/usart.o
 .debug_abbrev  0x0000000000000a19      0x219 ./Core/Src/usb_otg.o
 .debug_abbrev  0x0000000000000c32       0x12 ./Core/Startup/startup_stm32f429zitx.o
 .debug_abbrev  0x0000000000000c44      0x213 ./Drivers/STM32F4xx_HAL_Driver/Src/stm32f4xx_hal.o
 .debug_abbrev  0x0000000000000e57      0x327 ./Drivers/STM32F4xx_HAL_Driver/Src/stm32f4xx_hal_cortex.o
 .debug_abbrev  0x000000000000117e      0x2ec ./Drivers/STM32F4xx_HAL_Driver/Src/stm32f4xx_hal_eth.o
 .debug_abbrev  0x000000000000146a      0x1d4 ./Drivers/STM32F4xx_HAL_Driver/Src/stm32f4xx_hal_gpio.o
 .debug_abbrev  0x000000000000163e      0x2d0 ./Drivers/STM32F4xx_HAL_Driver/Src/stm32f4xx_hal_pcd.o
 .debug_abbrev  0x000000000000190e      0x2b6 ./Drivers/STM32F4xx_HAL_Driver/Src/stm32f4xx_hal_rcc.o
 .debug_abbrev  0x0000000000001bc4      0x30e ./Drivers/STM32F4xx_HAL_Driver/Src/stm32f4xx_hal_uart.o
 .debug_abbrev  0x0000000000001ed2      0x2ac ./Drivers/STM32F4xx_HAL_Driver/Src/stm32f4xx_ll_usb.o

.debug_aranges  0x0000000000000000      0xb70
 .debug_aranges
                0x0000000000000000       0x30 ./Core/Src/eth.o
 .debug_aranges
                0x0000000000000030       0x20 ./Core/Src/gpio.o
 .debug_aranges
                0x0000000000000050       0x30 ./Core/Src/main.o
 .debug_aranges
                0x0000000000000080       0x20 ./Core/Src/stm32f4xx_hal_msp.o
 .debug_aranges
                0x00000000000000a0       0x60 ./Core/Src/stm32f4xx_it.o
 .debug_aranges
                0x0000000000000100       0x28 ./Core/Src/system_stm32f4xx.o
 .debug_aranges
                0x0000000000000128       0x30 ./Core/Src/usart.o
 .debug_aranges
                0x0000000000000158       0x30 ./Core/Src/usb_otg.o
 .debug_aranges
                0x0000000000000188       0x28 ./Core/Startup/startup_stm32f429zitx.o
 .debug_aranges
                0x00000000000001b0      0x100 ./Drivers/STM32F4xx_HAL_Driver/Src/stm32f4xx_hal.o
 .debug_aranges
                0x00000000000002b0      0x118 ./Drivers/STM32F4xx_HAL_Driver/Src/stm32f4xx_hal_cortex.o
 .debug_aranges
                0x00000000000003c8      0x1e0 ./Drivers/STM32F4xx_HAL_Driver/Src/stm32f4xx_hal_eth.o
 .debug_aranges
                0x00000000000005a8       0x58 ./Drivers/STM32F4xx_HAL_Driver/Src/stm32f4xx_hal_gpio.o
 .debug_aranges
                0x0000000000000600      0x148 ./Drivers/STM32F4xx_HAL_Driver/Src/stm32f4xx_hal_pcd.o
 .debug_aranges
                0x0000000000000748       0x88 ./Drivers/STM32F4xx_HAL_Driver/Src/stm32f4xx_hal_rcc.o
 .debug_aranges
                0x00000000000007d0      0x200 ./Drivers/STM32F4xx_HAL_Driver/Src/stm32f4xx_hal_uart.o
 .debug_aranges
                0x00000000000009d0      0x1a0 ./Drivers/STM32F4xx_HAL_Driver/Src/stm32f4xx_ll_usb.o

.debug_rnglists
                0x0000000000000000      0x8c3
 .debug_rnglists
                0x0000000000000000       0x21 ./Core/Src/eth.o
 .debug_rnglists
                0x0000000000000021       0x14 ./Core/Src/gpio.o
 .debug_rnglists
                0x0000000000000035       0x20 ./Core/Src/main.o
 .debug_rnglists
                0x0000000000000055       0x13 ./Core/Src/stm32f4xx_hal_msp.o
 .debug_rnglists
                0x0000000000000068       0x43 ./Core/Src/stm32f4xx_it.o
 .debug_rnglists
                0x00000000000000ab       0x1a ./Core/Src/system_stm32f4xx.o
 .debug_rnglists
                0x00000000000000c5       0x20 ./Core/Src/usart.o
 .debug_rnglists
                0x00000000000000e5       0x20 ./Core/Src/usb_otg.o
 .debug_rnglists
                0x0000000000000105       0x19 ./Core/Startup/startup_stm32f429zitx.o
 .debug_rnglists
                0x000000000000011e       0xbb ./Drivers/STM32F4xx_HAL_Driver/Src/stm32f4xx_hal.o
 .debug_rnglists
                0x00000000000001d9       0xce ./Drivers/STM32F4xx_HAL_Driver/Src/stm32f4xx_hal_cortex.o
 .debug_rnglists
                0x00000000000002a7      0x17c ./Drivers/STM32F4xx_HAL_Driver/Src/stm32f4xx_hal_eth.o
 .debug_rnglists
                0x0000000000000423       0x3f ./Drivers/STM32F4xx_HAL_Driver/Src/stm32f4xx_hal_gpio.o
 .debug_rnglists
                0x0000000000000462       0xfc ./Drivers/STM32F4xx_HAL_Driver/Src/stm32f4xx_hal_pcd.o
 .debug_rnglists
                0x000000000000055e       0x66 ./Drivers/STM32F4xx_HAL_Driver/Src/stm32f4xx_hal_rcc.o
 .debug_rnglists
                0x00000000000005c4      0x1b7 ./Drivers/STM32F4xx_HAL_Driver/Src/stm32f4xx_hal_uart.o
 .debug_rnglists
                0x000000000000077b      0x148 ./Drivers/STM32F4xx_HAL_Driver/Src/stm32f4xx_ll_usb.o

.debug_macro    0x0000000000000000    0x24435
 .debug_macro   0x0000000000000000      0x2cf ./Core/Src/eth.o
 .debug_macro   0x00000000000002cf      0xaa8 ./Core/Src/eth.o
 .debug_macro   0x0000000000000d77      0x2a1 ./Core/Src/eth.o
 .debug_macro   0x0000000000001018       0x2e ./Core/Src/eth.o
 .debug_macro   0x0000000000001046       0x28 ./Core/Src/eth.o
 .debug_macro   0x000000000000106e       0x22 ./Core/Src/eth.o
 .debug_macro   0x0000000000001090       0x8e ./Core/Src/eth.o
 .debug_macro   0x000000000000111e       0x51 ./Core/Src/eth.o
 .debug_macro   0x000000000000116f      0x103 ./Core/Src/eth.o
 .debug_macro   0x0000000000001272       0x6a ./Core/Src/eth.o
 .debug_macro   0x00000000000012dc      0x1df ./Core/Src/eth.o
 .debug_macro   0x00000000000014bb       0x1c ./Core/Src/eth.o
 .debug_macro   0x00000000000014d7       0x22 ./Core/Src/eth.o
 .debug_macro   0x00000000000014f9       0xd9 ./Core/Src/eth.o
 .debug_macro   0x00000000000015d2     0x102d ./Core/Src/eth.o
 .debug_macro   0x00000000000025ff      0x11f ./Core/Src/eth.o
 .debug_macro   0x000000000000271e    0x17fc0 ./Core/Src/eth.o
 .debug_macro   0x000000000001a6de       0x6d ./Core/Src/eth.o
 .debug_macro   0x000000000001a74b     0x36f5 ./Core/Src/eth.o
 .debug_macro   0x000000000001de40      0x174 ./Core/Src/eth.o
 .debug_macro   0x000000000001dfb4       0x5c ./Core/Src/eth.o
 .debug_macro   0x000000000001e010      0xca5 ./Core/Src/eth.o
 .debug_macro   0x000000000001ecb5      0x9fe ./Core/Src/eth.o
 .debug_macro   0x000000000001f6b3      0x115 ./Core/Src/eth.o
 .debug_macro   0x000000000001f7c8      0x156 ./Core/Src/eth.o
 .debug_macro   0x000000000001f91e       0xa5 ./Core/Src/eth.o
 .debug_macro   0x000000000001f9c3      0x182 ./Core/Src/eth.o
 .debug_macro   0x000000000001fb45      0x287 ./Core/Src/eth.o
 .debug_macro   0x000000000001fdcc       0x5f ./Core/Src/eth.o
 .debug_macro   0x000000000001fe2b      0x236 ./Core/Src/eth.o
 .debug_macro   0x0000000000020061      0xd44 ./Core/Src/eth.o
 .debug_macro   0x0000000000020da5      0x132 ./Core/Src/eth.o
 .debug_macro   0x0000000000020ed7      0x41d ./Core/Src/eth.o
 .debug_macro   0x00000000000212f4       0x2e ./Core/Src/eth.o
 .debug_macro   0x0000000000021322      0x11a ./Core/Src/eth.o
 .debug_macro   0x000000000002143c       0xe2 ./Core/Src/eth.o
 .debug_macro   0x000000000002151e       0x89 ./Core/Src/eth.o
 .debug_macro   0x00000000000215a7      0x295 ./Core/Src/eth.o
 .debug_macro   0x000000000002183c      0x248 ./Core/Src/eth.o
 .debug_macro   0x0000000000021a84       0xba ./Core/Src/eth.o
 .debug_macro   0x0000000000021b3e      0x134 ./Core/Src/eth.o
 .debug_macro   0x0000000000021c72      0x130 ./Core/Src/eth.o
 .debug_macro   0x0000000000021da2       0x61 ./Core/Src/eth.o
 .debug_macro   0x0000000000021e03       0x2a ./Core/Src/eth.o
 .debug_macro   0x0000000000021e2d       0x43 ./Core/Src/eth.o
 .debug_macro   0x0000000000021e70       0x34 ./Core/Src/eth.o
 .debug_macro   0x0000000000021ea4       0x16 ./Core/Src/eth.o
 .debug_macro   0x0000000000021eba       0x43 ./Core/Src/eth.o
 .debug_macro   0x0000000000021efd       0x34 ./Core/Src/eth.o
 .debug_macro   0x0000000000021f31       0x10 ./Core/Src/eth.o
 .debug_macro   0x0000000000021f41       0x58 ./Core/Src/eth.o
 .debug_macro   0x0000000000021f99       0x8e ./Core/Src/eth.o
 .debug_macro   0x0000000000022027       0x1c ./Core/Src/eth.o
 .debug_macro   0x0000000000022043      0x177 ./Core/Src/eth.o
 .debug_macro   0x00000000000221ba      0x369 ./Core/Src/eth.o
 .debug_macro   0x0000000000022523       0x10 ./Core/Src/eth.o
 .debug_macro   0x0000000000022533       0x35 ./Core/Src/eth.o
 .debug_macro   0x0000000000022568       0x20 ./Core/Src/eth.o
 .debug_macro   0x0000000000022588      0x201 ./Core/Src/gpio.o
 .debug_macro   0x0000000000022789      0x219 ./Core/Src/main.o
 .debug_macro   0x00000000000229a2      0x1f7 ./Core/Src/stm32f4xx_hal_msp.o
 .debug_macro   0x0000000000022b99      0x201 ./Core/Src/stm32f4xx_it.o
 .debug_macro   0x0000000000022d9a      0x1e8 ./Core/Src/system_stm32f4xx.o
 .debug_macro   0x0000000000022f82      0x201 ./Core/Src/usart.o
 .debug_macro   0x0000000000023183      0x201 ./Core/Src/usb_otg.o
 .debug_macro   0x0000000000023384      0x248 ./Drivers/STM32F4xx_HAL_Driver/Src/stm32f4xx_hal.o
 .debug_macro   0x00000000000235cc      0x1e8 ./Drivers/STM32F4xx_HAL_Driver/Src/stm32f4xx_hal_cortex.o
 .debug_macro   0x00000000000237b4      0x2c2 ./Drivers/STM32F4xx_HAL_Driver/Src/stm32f4xx_hal_eth.o
 .debug_macro   0x0000000000023a76      0x1ee ./Drivers/STM32F4xx_HAL_Driver/Src/stm32f4xx_hal_gpio.o
 .debug_macro   0x0000000000023c64      0x1f4 ./Drivers/STM32F4xx_HAL_Driver/Src/stm32f4xx_hal_pcd.o
 .debug_macro   0x0000000000023e58      0x20c ./Drivers/STM32F4xx_HAL_Driver/Src/stm32f4xx_hal_rcc.o
 .debug_macro   0x0000000000024064      0x1e9 ./Drivers/STM32F4xx_HAL_Driver/Src/stm32f4xx_hal_uart.o
 .debug_macro   0x000000000002424d      0x1e8 ./Drivers/STM32F4xx_HAL_Driver/Src/stm32f4xx_ll_usb.o

.debug_line     0x0000000000000000     0xe777
 .debug_line    0x0000000000000000      0x983 ./Core/Src/eth.o
 .debug_line    0x0000000000000983      0x7a7 ./Core/Src/gpio.o
 .debug_line    0x000000000000112a      0x81c ./Core/Src/main.o
 .debug_line    0x0000000000001946      0x774 ./Core/Src/stm32f4xx_hal_msp.o
 .debug_line    0x00000000000020ba      0x836 ./Core/Src/stm32f4xx_it.o
 .debug_line    0x00000000000028f0      0x7f5 ./Core/Src/system_stm32f4xx.o
 .debug_line    0x00000000000030e5      0x7dd ./Core/Src/usart.o
 .debug_line    0x00000000000038c2      0x7f0 ./Core/Src/usb_otg.o
 .debug_line    0x00000000000040b2       0x7a ./Core/Startup/startup_stm32f429zitx.o
 .debug_line    0x000000000000412c      0xa91 ./Drivers/STM32F4xx_HAL_Driver/Src/stm32f4xx_hal.o
 .debug_line    0x0000000000004bbd      0xd0a ./Drivers/STM32F4xx_HAL_Driver/Src/stm32f4xx_hal_cortex.o
 .debug_line    0x00000000000058c7     0x19ca ./Drivers/STM32F4xx_HAL_Driver/Src/stm32f4xx_hal_eth.o
 .debug_line    0x0000000000007291      0xbf7 ./Drivers/STM32F4xx_HAL_Driver/Src/stm32f4xx_hal_gpio.o
 .debug_line    0x0000000000007e88     0x1502 ./Drivers/STM32F4xx_HAL_Driver/Src/stm32f4xx_hal_pcd.o
 .debug_line    0x000000000000938a      0xdd4 ./Drivers/STM32F4xx_HAL_Driver/Src/stm32f4xx_hal_rcc.o
 .debug_line    0x000000000000a15e     0x2afd ./Drivers/STM32F4xx_HAL_Driver/Src/stm32f4xx_hal_uart.o
 .debug_line    0x000000000000cc5b     0x1b1c ./Drivers/STM32F4xx_HAL_Driver/Src/stm32f4xx_ll_usb.o

.debug_str      0x0000000000000000    0xd9794
 .debug_str     0x0000000000000000    0xd5537 ./Core/Src/eth.o
                                      0xd5844 (size before relaxing)
 .debug_str     0x00000000000d5537       0x68 ./Core/Src/gpio.o
                                      0xd203a (size before relaxing)
 .debug_str     0x00000000000d559f      0x1ce ./Core/Src/main.o
                                      0xd2215 (size before relaxing)
 .debug_str     0x00000000000d576d       0x2c ./Core/Src/stm32f4xx_hal_msp.o
                                      0xd1f6f (size before relaxing)
 .debug_str     0x00000000000d5799       0xc9 ./Core/Src/stm32f4xx_it.o
                                      0xd1ee2 (size before relaxing)
 .debug_str     0x00000000000d5862       0xdb ./Core/Src/system_stm32f4xx.o
                                      0xd1b5e (size before relaxing)
 .debug_str     0x00000000000d593d      0x41c ./Core/Src/usart.o
                                      0xd24cf (size before relaxing)
 .debug_str     0x00000000000d5d59      0x3a4 ./Core/Src/usb_otg.o
                                      0xd2475 (size before relaxing)
 .debug_str     0x00000000000d60fd       0x34 ./Core/Startup/startup_stm32f429zitx.o
                                         0x5a (size before relaxing)
 .debug_str     0x00000000000d6131      0xba6 ./Drivers/STM32F4xx_HAL_Driver/Src/stm32f4xx_hal.o
                                      0xd2781 (size before relaxing)
 .debug_str     0x00000000000d6cd7      0x348 ./Drivers/STM32F4xx_HAL_Driver/Src/stm32f4xx_hal_cortex.o
                                      0xd2466 (size before relaxing)
 .debug_str     0x00000000000d701f     0x11ea ./Drivers/STM32F4xx_HAL_Driver/Src/stm32f4xx_hal_eth.o
                                      0xd33eb (size before relaxing)
 .debug_str     0x00000000000d8209       0xe1 ./Drivers/STM32F4xx_HAL_Driver/Src/stm32f4xx_hal_gpio.o
                                      0xd1cd9 (size before relaxing)
 .debug_str     0x00000000000d82ea      0x802 ./Drivers/STM32F4xx_HAL_Driver/Src/stm32f4xx_hal_pcd.o
                                      0xd260d (size before relaxing)
 .debug_str     0x00000000000d8aec      0x21f ./Drivers/STM32F4xx_HAL_Driver/Src/stm32f4xx_hal_rcc.o
                                      0xd1f92 (size before relaxing)
 .debug_str     0x00000000000d8d0b      0x64a ./Drivers/STM32F4xx_HAL_Driver/Src/stm32f4xx_hal_uart.o
                                      0xd251e (size before relaxing)
 .debug_str     0x00000000000d9355      0x43f ./Drivers/STM32F4xx_HAL_Driver/Src/stm32f4xx_ll_usb.o
                                      0xd2475 (size before relaxing)

.debug_frame    0x0000000000000000     0x2f04
 .debug_frame   0x0000000000000000       0x74 ./Core/Src/eth.o
 .debug_frame   0x0000000000000074       0x34 ./Core/Src/gpio.o
 .debug_frame   0x00000000000000a8       0x68 ./Core/Src/main.o
 .debug_frame   0x0000000000000110       0x38 ./Core/Src/stm32f4xx_hal_msp.o
 .debug_frame   0x0000000000000148      0x104 ./Core/Src/stm32f4xx_it.o
 .debug_frame   0x000000000000024c       0x58 ./Core/Src/system_stm32f4xx.o
 .debug_frame   0x00000000000002a4       0x74 ./Core/Src/usart.o
 .debug_frame   0x0000000000000318       0x74 ./Core/Src/usb_otg.o
 .debug_frame   0x000000000000038c      0x3b4 ./Drivers/STM32F4xx_HAL_Driver/Src/stm32f4xx_hal.o
 .debug_frame   0x0000000000000740      0x498 ./Drivers/STM32F4xx_HAL_Driver/Src/stm32f4xx_hal_cortex.o
 .debug_frame   0x0000000000000bd8      0x898 ./Drivers/STM32F4xx_HAL_Driver/Src/stm32f4xx_hal_eth.o
 .debug_frame   0x0000000000001470      0x14c ./Drivers/STM32F4xx_HAL_Driver/Src/stm32f4xx_hal_gpio.o
 .debug_frame   0x00000000000015bc      0x5bc ./Drivers/STM32F4xx_HAL_Driver/Src/stm32f4xx_hal_pcd.o
 .debug_frame   0x0000000000001b78      0x1f4 ./Drivers/STM32F4xx_HAL_Driver/Src/stm32f4xx_hal_rcc.o
 .debug_frame   0x0000000000001d6c      0x92c ./Drivers/STM32F4xx_HAL_Driver/Src/stm32f4xx_hal_uart.o
 .debug_frame   0x0000000000002698      0x7c0 ./Drivers/STM32F4xx_HAL_Driver/Src/stm32f4xx_ll_usb.o
 .debug_frame   0x0000000000002e58       0x20 C:/ST/STM32CubeIDE_1.13.2/STM32CubeIDE/plugins/com.st.stm32cube.ide.mcu.externaltools.gnu-tools-for-stm32.11.3.rel1.win32_1.1.1.202309131626/tools/bin/../lib/gcc/arm-none-eabi/11.3.1/../../../../arm-none-eabi/lib/thumb/v7e-m+fp/hard\libc_nano.a(libc_a-memset.o)
 .debug_frame   0x0000000000002e78       0x2c C:/ST/STM32CubeIDE_1.13.2/STM32CubeIDE/plugins/com.st.stm32cube.ide.mcu.externaltools.gnu-tools-for-stm32.11.3.rel1.win32_1.1.1.202309131626/tools/bin/../lib/gcc/arm-none-eabi/11.3.1/../../../../arm-none-eabi/lib/thumb/v7e-m+fp/hard\libc_nano.a(libc_a-init.o)
 .debug_frame   0x0000000000002ea4       0x2c C:/ST/STM32CubeIDE_1.13.2/STM32CubeIDE/plugins/com.st.stm32cube.ide.mcu.externaltools.gnu-tools-for-stm32.11.3.rel1.win32_1.1.1.202309131626/tools/bin/../lib/gcc/arm-none-eabi/11.3.1/thumb/v7e-m+fp/hard\libgcc.a(_aeabi_uldivmod.o)
 .debug_frame   0x0000000000002ed0       0x34 C:/ST/STM32CubeIDE_1.13.2/STM32CubeIDE/plugins/com.st.stm32cube.ide.mcu.externaltools.gnu-tools-for-stm32.11.3.rel1.win32_1.1.1.202309131626/tools/bin/../lib/gcc/arm-none-eabi/11.3.1/thumb/v7e-m+fp/hard\libgcc.a(_udivmoddi4.o)

.debug_line_str
                0x0000000000000000       0x4e
 .debug_line_str
                0x0000000000000000       0x4e ./Core/Startup/startup_stm32f429zitx.o
                                         0x66 (size before relaxing)
